Archive member included because of file (symbol)

/usr/lib/gcc/arm-none-eabi/4.9.3/libgcc.a(_udivsi3.o)
                              binaries/qsort.o (__aeabi_uidiv)
/usr/lib/gcc/arm-none-eabi/4.9.3/libgcc.a(_divsi3.o)
                              binaries/xsh_help.o (__aeabi_idiv)
/usr/lib/gcc/arm-none-eabi/4.9.3/libgcc.a(_dvmd_tls.o)
                              /usr/lib/gcc/arm-none-eabi/4.9.3/libgcc.a(_udivsi3.o) (__aeabi_idiv0)

Allocating common symbols
Common symbol       size              file

netbufpool          0x4               binaries/net.o
readylist           0x2               binaries/ready.o
rfltab              0x5a0             binaries/rflinit.o
sleepq              0x2               binaries/clkinit.o
n                   0x4               binaries/xsh_prodcons.o
intc_vector         0x200             binaries/evec.o
nnames              0x4               binaries/naminit.o
udptab              0x168             binaries/udp.o
minheap             0x4               binaries/meminit.o
marks               0x50              binaries/mark.o
currpid             0x4               binaries/initialize.o
Lf_data             0x20c             binaries/lfsinit.o
porttab             0x2d0             binaries/ptinit.o
ttytab              0x10c             binaries/ttyinit.o
proctab             0x15e0            binaries/initialize.o
eth_a_regs          0x1c              binaries/ethinit.o
prcount             0x4               binaries/initialize.o
lfltab              0xf00             binaries/lflinit.o
rdstab              0x8c              binaries/rdsinit.o
ethertab            0x138             binaries/ethinit.o
nsaddr              0x4               binaries/dns.o
NetData             0xa8              binaries/net.o
nmarks              0x4               binaries/mark.o
Defer               0x8               binaries/resched.o
semtab              0x4b0             binaries/initialize.o
maxheap             0x4               binaries/meminit.o
preempt             0x4               binaries/clkinit.o
buftab              0xf0              binaries/bufinit.o
Rf_data             0x18              binaries/rfsinit.o
mkmutex             0x4               binaries/mark.o
clktime             0x4               binaries/clkinit.o
cpudelay            0x4               binaries/main.o
arpcache            0x140             binaries/arp.o
icmptab             0x230             binaries/icmp.o
nbpools             0x4               binaries/bufinit.o
queuetab            0x980             binaries/queue.o
ptnextid            0x4               binaries/ptinit.o
Ram                 0x19000           binaries/raminit.o
ipoqueue            0x2c              binaries/ip.o
consumed            0x4               binaries/xsh_prodcons.o
memlist             0x8               binaries/initialize.o
produced            0x4               binaries/xsh_prodcons.o
nametab             0x19a0            binaries/naminit.o
ptfree              0x4               binaries/ptinit.o

Memory Configuration

Name             Origin             Length             Attributes
*default*        0x0000000000000000 0xffffffffffffffff

Linker script and memory map

                0x0000000081000000                physbase = 0x81000000
                0x0000000081000000                . = physbase
                0x0000000081000000                . = ALIGN (0x1000)

.text           0x0000000081000000    0x16000
                0x0000000081000000                text = ABSOLUTE (.)
 *(.text .text.*)
 .text          0x0000000081000000       0x4c binaries/start.o
                0x0000000081000000                start
 .text          0x000000008100004c      0x370 binaries/ascdate.o
                0x000000008100004c                ascdate
 .text          0x00000000810003bc       0x18 binaries/bufinit.o
                0x00000000810003bc                bufinit
 .text          0x00000000810003d4       0x70 binaries/chprio.o
                0x00000000810003d4                chprio
 .text          0x0000000081000444       0xf0 binaries/clkhandler.o
                0x0000000081000444                clkhandler
 .text          0x0000000081000534       0xd4 binaries/clkinit.o
                0x0000000081000534                clkinit
 .text          0x0000000081000608       0x5c binaries/close.o
                0x0000000081000608                close
 .text          0x0000000081000664        0x0 binaries/conf.o
 .text          0x0000000081000664       0x70 binaries/control.o
                0x0000000081000664                control
 .text          0x00000000810006d4      0x2c0 binaries/create.o
                0x00000000810006d4                create
 .text          0x0000000081000994       0xb0 binaries/evec.o
                0x0000000081000994                initintc
                0x00000000810009c0                set_evec
                0x0000000081000a00                irq_dispatch
 .text          0x0000000081000a44       0x10 binaries/exit.o
                0x0000000081000a44                exit
 .text          0x0000000081000a54       0x84 binaries/freebuf.o
                0x0000000081000a54                freebuf
 .text          0x0000000081000ad8      0x150 binaries/freemem.o
                0x0000000081000ad8                freemem
 .text          0x0000000081000c28       0x44 binaries/future_alloc.o
                0x0000000081000c28                future_alloc
 .text          0x0000000081000c6c       0x28 binaries/future_free.o
                0x0000000081000c6c                future_free
 .text          0x0000000081000c94       0x7c binaries/future_get.o
                0x0000000081000c94                future_get
 .text          0x0000000081000d10       0x70 binaries/future_set.o
                0x0000000081000d10                future_set
 .text          0x0000000081000d80       0x7c binaries/getbuf.o
                0x0000000081000d80                getbuf
 .text          0x0000000081000dfc       0x5c binaries/getc.o
                0x0000000081000dfc                getc
 .text          0x0000000081000e58       0x68 binaries/getdev.o
                0x0000000081000e58                getdev
 .text          0x0000000081000ec0       0xa0 binaries/getitem.o
                0x0000000081000ec0                getitem
                0x0000000081000ef0                getfirst
                0x0000000081000f24                getlast
 .text          0x0000000081000f60      0x108 binaries/getmem.o
                0x0000000081000f60                getmem
 .text          0x0000000081001068       0x10 binaries/getpid.o
                0x0000000081001068                getpid
 .text          0x0000000081001078       0x5c binaries/getprio.o
                0x0000000081001078                getprio
 .text          0x00000000810010d4       0xd0 binaries/getstk.o
                0x00000000810010d4                getstk
 .text          0x00000000810011a4       0x38 binaries/gettime.o
                0x00000000810011a4                gettime
 .text          0x00000000810011dc      0x1c8 binaries/getutime.o
                0x00000000810011dc                getutime
 .text          0x00000000810013a4       0x5c binaries/init.o
                0x00000000810013a4                init
 .text          0x0000000081001400      0x2f8 binaries/initialize.o
                0x0000000081001400                nulluser
                0x0000000081001698                stop
                0x00000000810016bc                delay
 .text          0x00000000810016f8       0xc0 binaries/insert.o
                0x00000000810016f8                insert
 .text          0x00000000810017b8      0x12c binaries/insertd.o
                0x00000000810017b8                insertd
 .text          0x00000000810018e4        0x8 binaries/ioerr.o
                0x00000000810018e4                ioerr
 .text          0x00000000810018ec        0x8 binaries/ionull.o
                0x00000000810018ec                ionull
 .text          0x00000000810018f4      0x190 binaries/kill.o
                0x00000000810018f4                kill
 .text          0x0000000081001a84       0xb4 binaries/kprintf.o
                0x0000000081001a84                kputc
                0x0000000081001ac4                kgetc
                0x0000000081001af8                kprintf
 .text          0x0000000081001b38       0xf8 binaries/main.o
                0x0000000081001b38                counterproc
                0x0000000081001b74                main
 .text          0x0000000081001c30       0xd0 binaries/mark.o
                0x0000000081001c30                markinit
                0x0000000081001c5c                mark
 .text          0x0000000081001d00       0x44 binaries/meminit.o
                0x0000000081001d00                meminit
 .text          0x0000000081001d44      0x138 binaries/mkbufpool.o
                0x0000000081001d44                mkbufpool
 .text          0x0000000081001e7c       0x88 binaries/newqueue.o
                0x0000000081001e7c                newqueue
 .text          0x0000000081001f04       0x68 binaries/open.o
                0x0000000081001f04                open
 .text          0x0000000081001f6c       0x20 binaries/panic.o
                0x0000000081001f6c                panic
 .text          0x0000000081001f8c       0x48 binaries/platinit.o
                0x0000000081001f8c                platinit
 .text          0x0000000081001fd4       0xa8 binaries/ptclear.o
                0x0000000081001fd4                _ptclear
 .text          0x000000008100207c       0x90 binaries/ptcount.o
                0x000000008100207c                ptcount
 .text          0x000000008100210c      0x100 binaries/ptcreate.o
                0x000000008100210c                ptcreate
 .text          0x000000008100220c       0x70 binaries/ptdelete.o
                0x000000008100220c                ptdelete
 .text          0x000000008100227c       0xbc binaries/ptinit.o
                0x000000008100227c                ptinit
 .text          0x0000000081002338      0x144 binaries/ptrecv.o
                0x0000000081002338                ptrecv
 .text          0x000000008100247c       0x6c binaries/ptreset.o
                0x000000008100247c                ptreset
 .text          0x00000000810024e8      0x15c binaries/ptsend.o
                0x00000000810024e8                ptsend
 .text          0x0000000081002644       0x64 binaries/putc.o
                0x0000000081002644                putc
 .text          0x00000000810026a8       0xe0 binaries/queue.o
                0x00000000810026a8                enqueue
                0x000000008100272c                dequeue
 .text          0x0000000081002788       0x68 binaries/read.o
                0x0000000081002788                read
 .text          0x00000000810027f0       0x74 binaries/ready.o
                0x00000000810027f0                ready
 .text          0x0000000081002864       0x84 binaries/receive.o
                0x0000000081002864                receive
 .text          0x00000000810028e8       0x64 binaries/recvclr.o
                0x00000000810028e8                recvclr
 .text          0x000000008100294c       0xe0 binaries/recvtime.o
                0x000000008100294c                recvtime
 .text          0x0000000081002a2c      0x1d0 binaries/resched.o
                0x0000000081002a2c                resched
                0x0000000081002b48                resched_cntl
 .text          0x0000000081002bfc       0x88 binaries/resume.o
                0x0000000081002bfc                resume
 .text          0x0000000081002c84       0x64 binaries/seek.o
                0x0000000081002c84                seek
 .text          0x0000000081002ce8       0x58 binaries/semcount.o
                0x0000000081002ce8                semcount
 .text          0x0000000081002d40       0xb8 binaries/semcreate.o
                0x0000000081002d40                semcreate
 .text          0x0000000081002df8       0xc8 binaries/semdelete.o
                0x0000000081002df8                semdelete
 .text          0x0000000081002ec0       0xb4 binaries/semreset.o
                0x0000000081002ec0                semreset
 .text          0x0000000081002f74       0xc8 binaries/send.o
                0x0000000081002f74                send
 .text          0x000000008100303c       0x98 binaries/signal.o
                0x000000008100303c                signal
 .text          0x00000000810030d4       0xb8 binaries/signaln.o
                0x00000000810030d4                signaln
 .text          0x000000008100318c       0xd4 binaries/sleep.o
                0x000000008100318c                sleepms
                0x000000008100322c                sleep
 .text          0x0000000081003260       0xd0 binaries/suspend.o
                0x0000000081003260                suspend
 .text          0x0000000081003330       0xa4 binaries/unsleep.o
                0x0000000081003330                unsleep
 .text          0x00000000810033d4       0x10 binaries/userret.o
                0x00000000810033d4                userret
 .text          0x00000000810033e4       0xc4 binaries/wait.o
                0x00000000810033e4                wait
 .text          0x00000000810034a8       0x90 binaries/wakeup.o
                0x00000000810034a8                wakeup
 .text          0x0000000081003538       0x68 binaries/write.o
                0x0000000081003538                write
 .text          0x00000000810035a0       0x18 binaries/xdone.o
                0x00000000810035a0                xdone
 .text          0x00000000810035b8       0x20 binaries/yield.o
                0x00000000810035b8                yield
 .text          0x00000000810035d8        0xc binaries/abs.o
                0x00000000810035d8                abs
 .text          0x00000000810035e4      0x130 binaries/atoi.o
                0x00000000810035e4                atoi
 .text          0x0000000081003714      0x130 binaries/atol.o
                0x0000000081003714                atol
 .text          0x0000000081003844       0x20 binaries/bzero.o
                0x0000000081003844                bzero
 .text          0x0000000081003864        0x0 binaries/ctype_.o
 .text          0x0000000081003864      0x968 binaries/doprnt.o
                0x0000000081003a54                _doprnt
 .text          0x00000000810041cc      0x728 binaries/doscan.o
                0x00000000810041cc                _doscan
 .text          0x00000000810048f4      0x8c0 binaries/fdoprnt.o
                0x00000000810049a4                _fdoprnt
 .text          0x00000000810051b4       0x14 binaries/fgetc.o
                0x00000000810051b4                fgetc
 .text          0x00000000810051c8       0x84 binaries/fgets.o
                0x00000000810051c8                fgets
 .text          0x000000008100524c       0x3c binaries/fprintf.o
                0x000000008100524c                fprintf
 .text          0x0000000081005288       0x24 binaries/fputc.o
                0x0000000081005288                fputc
 .text          0x00000000810052ac       0x38 binaries/fputs.o
                0x00000000810052ac                fputs
 .text          0x00000000810052e4       0x78 binaries/fscanf.o
                0x0000000081005318                fscanf
 .text          0x000000008100535c       0x2c binaries/getchar.o
                0x000000008100535c                getchar
 .text          0x0000000081005388        0xc binaries/labs.o
                0x0000000081005388                labs
 .text          0x0000000081005394       0x40 binaries/memchr.o
                0x0000000081005394                memchr
 .text          0x00000000810053d4       0x58 binaries/memcmp.o
                0x00000000810053d4                memcmp
 .text          0x000000008100542c       0x24 binaries/memcpy.o
                0x000000008100542c                memcpy
 .text          0x0000000081005450       0x20 binaries/memset.o
                0x0000000081005450                memset
 .text          0x0000000081005470       0x58 binaries/printf.o
                0x0000000081005470                printf
 .text          0x00000000810054c8       0x2c binaries/putchar.o
                0x00000000810054c8                putchar
 .text          0x00000000810054f4      0x238 binaries/qsort.o
                0x000000008100570c                qsort
 .text          0x000000008100572c       0x38 binaries/rand.o
                0x000000008100572c                srand
                0x000000008100573c                rand
 .text          0x0000000081005764       0x68 binaries/sprintf.o
                0x000000008100577c                sprintf
 .text          0x00000000810057cc       0x78 binaries/sscanf.o
                0x0000000081005800                sscanf
 .text          0x0000000081005844       0x40 binaries/strchr.o
                0x0000000081005844                strchr
 .text          0x0000000081005884       0x54 binaries/strcmp.o
                0x0000000081005884                strcmp
 .text          0x00000000810058d8       0x1c binaries/strcpy.o
                0x00000000810058d8                strcpy
 .text          0x00000000810058f4       0x30 binaries/strlen.o
                0x00000000810058f4                strlen
 .text          0x0000000081005924       0x50 binaries/strncat.o
                0x0000000081005924                strncat
 .text          0x0000000081005974       0x50 binaries/strncmp.o
                0x0000000081005974                strncmp
 .text          0x00000000810059c4       0x80 binaries/strncpy.o
                0x00000000810059c4                strncpy
 .text          0x0000000081005a44       0x50 binaries/strnlen.o
                0x0000000081005a44                strnlen
 .text          0x0000000081005a94       0x40 binaries/strrchr.o
                0x0000000081005a94                strrchr
 .text          0x0000000081005ad4       0xb0 binaries/strstr.o
                0x0000000081005ad4                strstr
 .text          0x0000000081005b84      0x154 binaries/ttycontrol.o
                0x0000000081005b84                ttycontrol
 .text          0x0000000081005cd8       0xc8 binaries/ttygetc.o
                0x0000000081005cd8                ttygetc
 .text          0x0000000081005da0      0x4d4 binaries/ttyhandle_in.o
                0x0000000081005e6c                ttyhandle_in
 .text          0x0000000081006274      0x16c binaries/ttyhandle_out.o
                0x0000000081006274                ttyhandle_out
 .text          0x00000000810063e0       0xcc binaries/ttyhandler.o
                0x00000000810063e0                ttyhandler
 .text          0x00000000810064ac      0x144 binaries/ttyinit.o
                0x00000000810064ac                ttyinit
 .text          0x00000000810065f0        0xc binaries/ttykickout.o
                0x00000000810065f0                ttykickout
 .text          0x00000000810065fc       0x9c binaries/ttyputc.o
                0x00000000810065fc                ttyputc
 .text          0x0000000081006698      0x134 binaries/ttyread.o
                0x0000000081006698                ttyread
 .text          0x00000000810067cc       0x48 binaries/ttywrite.o
                0x00000000810067cc                ttywrite
 .text          0x0000000081006814      0x160 binaries/mount.o
                0x0000000081006814                namlen
                0x000000008100686c                mount
 .text          0x0000000081006974      0x1c0 binaries/naminit.o
                0x0000000081006974                naminit
 .text          0x0000000081006b34      0x24c binaries/nammap.o
                0x0000000081006b34                namrepl
                0x0000000081006c84                namcpy
                0x0000000081006ce0                nammap
 .text          0x0000000081006d80       0x40 binaries/namopen.o
                0x0000000081006d80                namopen
 .text          0x0000000081006dc0      0x108 binaries/colon2mac.o
                0x0000000081006dc0                colon2mac
 .text          0x0000000081006ec8       0x44 binaries/ethcontrol.o
                0x0000000081006ec8                ethcontrol
 .text          0x0000000081006f0c      0x178 binaries/ethhandler.o
                0x0000000081006f0c                ethhandler
 .text          0x0000000081007084      0x7f8 binaries/ethinit.o
                0x0000000081007084                eth_phy_read
                0x00000000810070e8                eth_phy_write
                0x0000000081007130                eth_phy_reset
                0x0000000081007290                ethinit
 .text          0x000000008100787c       0xf8 binaries/ethread.o
                0x000000008100787c                ethread
 .text          0x0000000081007974       0xf8 binaries/ethwrite.o
                0x0000000081007974                ethwrite
 .text          0x0000000081007a6c       0x88 binaries/rdsbufalloc.o
                0x0000000081007a6c                rdsbufalloc
 .text          0x0000000081007af4       0xe8 binaries/rdsclose.o
                0x0000000081007af4                rdsclose
 .text          0x0000000081007bdc      0x1e8 binaries/rdscomm.o
                0x0000000081007bdc                rdscomm
 .text          0x0000000081007dc4      0x1b0 binaries/rdscontrol.o
                0x0000000081007dc4                rdscontrol
 .text          0x0000000081007f74      0x1e0 binaries/rdsinit.o
                0x0000000081007f74                rdsinit
 .text          0x0000000081008154      0x1a0 binaries/rdsopen.o
                0x0000000081008154                rdsopen
 .text          0x00000000810082f4      0x2d4 binaries/rdsprocess.o
                0x00000000810082f4                rdsprocess
 .text          0x00000000810085c8      0x240 binaries/rdsread.o
                0x00000000810085c8                rdsread
 .text          0x0000000081008808      0x1d0 binaries/rdswrite.o
                0x0000000081008808                rdswrite
 .text          0x00000000810089d8        0x8 binaries/ramclose.o
                0x00000000810089d8                ramclose
 .text          0x00000000810089e0       0x3c binaries/raminit.o
                0x00000000810089e0                raminit
 .text          0x0000000081008a1c        0x8 binaries/ramopen.o
                0x0000000081008a1c                ramopen
 .text          0x0000000081008a24       0x24 binaries/ramread.o
                0x0000000081008a24                ramread
 .text          0x0000000081008a48       0x20 binaries/ramwrite.o
                0x0000000081008a48                ramwrite
 .text          0x0000000081008a68       0x94 binaries/lfdballoc.o
                0x0000000081008a68                lfdballoc
 .text          0x0000000081008afc       0x4c binaries/lfdbfree.o
                0x0000000081008afc                lfdbfree
 .text          0x0000000081008b48       0xb8 binaries/lfflush.o
                0x0000000081008b48                lfflush
 .text          0x0000000081008c00       0xc8 binaries/lfgetmode.o
                0x0000000081008c00                lfgetmode
 .text          0x0000000081008cc8       0x6c binaries/lfiballoc.o
                0x0000000081008cc8                lfiballoc
 .text          0x0000000081008d34       0x28 binaries/lfibclear.o
                0x0000000081008d34                lfibclear
 .text          0x0000000081008d5c       0x64 binaries/lfibget.o
                0x0000000081008d5c                lfibget
 .text          0x0000000081008dc0       0x90 binaries/lfibput.o
                0x0000000081008dc0                lfibput
 .text          0x0000000081008e50       0xc4 binaries/lflclose.o
                0x0000000081008e50                lflclose
 .text          0x0000000081008f14       0xc8 binaries/lflcontrol.o
                0x0000000081008f14                lflcontrol
 .text          0x0000000081008fdc      0x10c binaries/lflgetc.o
                0x0000000081008fdc                lflgetc
 .text          0x00000000810090e8       0xd0 binaries/lflinit.o
                0x00000000810090e8                lflinit
 .text          0x00000000810091b8      0x14c binaries/lflputc.o
                0x00000000810091b8                lflputc
 .text          0x0000000081009304       0x70 binaries/lflread.o
                0x0000000081009304                lflread
 .text          0x0000000081009374       0xc0 binaries/lflseek.o
                0x0000000081009374                lflseek
 .text          0x0000000081009434       0x50 binaries/lflwrite.o
                0x0000000081009434                lflwrite
 .text          0x0000000081009484      0x11c binaries/lfsckfmt.o
                0x0000000081009484                lfsckfmt
 .text          0x00000000810095a0      0x15c binaries/lfscreate.o
                0x00000000810095a0                lfscreate
 .text          0x00000000810096fc      0x1f0 binaries/lfsetup.o
                0x00000000810096fc                lfsetup
 .text          0x00000000810098ec       0x44 binaries/lfsinit.o
                0x00000000810098ec                lfsinit
 .text          0x0000000081009930      0x378 binaries/lfsopen.o
                0x0000000081009930                lfsopen
 .text          0x0000000081009ca8      0x110 binaries/lftruncate.o
                0x0000000081009ca8                lftruncate
 .text          0x0000000081009db8       0x7c binaries/rflclose.o
                0x0000000081009db8                rflclose
 .text          0x0000000081009e34       0x28 binaries/rflgetc.o
                0x0000000081009e34                rflgetc
 .text          0x0000000081009e5c       0x88 binaries/rflinit.o
                0x0000000081009e5c                rflinit
 .text          0x0000000081009ee4       0x2c binaries/rflputc.o
                0x0000000081009ee4                rflputc
 .text          0x0000000081009f10      0x2c4 binaries/rflread.o
                0x0000000081009f10                rflread
 .text          0x000000008100a1d4       0x7c binaries/rflseek.o
                0x000000008100a1d4                rflseek
 .text          0x000000008100a250      0x2e0 binaries/rflwrite.o
                0x000000008100a250                rflwrite
 .text          0x000000008100a530      0x198 binaries/rfscomm.o
                0x000000008100a530                rfscomm
 .text          0x000000008100a6c8      0x224 binaries/rfscontrol.o
                0x000000008100a6c8                rfscontrol
 .text          0x000000008100a8ec       0xc8 binaries/rfsgetmode.o
                0x000000008100a8ec                rfsgetmode
 .text          0x000000008100a9b4       0x84 binaries/rfsinit.o
                0x000000008100a9b4                rfsinit
 .text          0x000000008100aa38       0x98 binaries/rfsndmsg.o
                0x000000008100aa38                rfsndmsg
 .text          0x000000008100aad0      0x238 binaries/rfsopen.o
                0x000000008100aad0                rfsopen
 .text          0x000000008100ad08      0x780 binaries/arp.o
                0x000000008100ad08                arp_init
                0x000000008100ad28                arp_alloc
                0x000000008100ae00                arp_ntoh
                0x000000008100aea4                arp_hton
                0x000000008100af48                arp_resolve
                0x000000008100b1e0                arp_in
 .text          0x000000008100b488      0xd78 binaries/dhcp.o
                0x000000008100b488                dump_dhcp_msg
                0x000000008100baac                get_dhcp_option_value
                0x000000008100bb08                build_dhcp_discover
                0x000000008100bc34                build_dhcp_request
                0x000000008100bde0                getlocalip_boot
                0x000000008100c1e8                getlocalip
 .text          0x000000008100c200      0x414 binaries/dns.o
                0x000000008100c200                dns_bldq
                0x000000008100c2ac                dns_getrname
                0x000000008100c370                dns_geta
                0x000000008100c4a0                dns_qa
 .text          0x000000008100c614      0x108 binaries/dot2ip.o
                0x000000008100c614                dot2ip
 .text          0x000000008100c71c      0x328 binaries/hexdump.o
                0x000000008100c71c                hexdump
                0x000000008100c868                hexadump
 .text          0x000000008100ca44      0x71c binaries/icmp.o
                0x000000008100ca44                icmp_init
                0x000000008100ca68                icmp_register
                0x000000008100cb28                icmp_recv
                0x000000008100ccc8                icmp_mkpkt
                0x000000008100cdb8                icmp_in
                0x000000008100cf44                icmp_send
                0x000000008100cfb4                icmp_release
                0x000000008100d09c                icmp_cksum
                0x000000008100d0f8                icmp_hton
                0x000000008100d12c                icmp_ntoh
 .text          0x000000008100d160      0x688 binaries/ip.o
                0x000000008100d160                ip_local
                0x000000008100d190                ipcksum
                0x000000008100d1d4                ip_ntoh
                0x000000008100d278                ip_in
                0x000000008100d3b4                ip_hton
                0x000000008100d458                ip_out
                0x000000008100d50c                ip_send
                0x000000008100d63c                ipout
                0x000000008100d74c                ip_enqueue
 .text          0x000000008100d7e8      0x1c4 binaries/net.o
                0x000000008100d7e8                net_init
                0x000000008100d8e0                eth_hton
                0x000000008100d8f4                eth_ntoh
                0x000000008100d908                netin
 .text          0x000000008100d9ac       0xa4 binaries/netstart.o
                0x000000008100d9ac                netstart
 .text          0x000000008100da50      0x9dc binaries/pdump.o
                0x000000008100da50                pdump
                0x000000008100dfdc                pdumph
 .text          0x000000008100e42c      0x580 binaries/tftp.o
                0x000000008100e42c                tftp_send1
                0x000000008100e518                tftpget_mb
                0x000000008100e978                tftpget
 .text          0x000000008100e9ac      0xa20 binaries/udp.o
                0x000000008100e9ac                udp_init
                0x000000008100e9d4                udp_in
                0x000000008100eb08                udp_register
                0x000000008100ec0c                udp_recv
                0x000000008100eda8                udp_recvaddr
                0x000000008100ef60                udp_send
                0x000000008100f108                udp_sendto
                0x000000008100f274                udp_release
                0x000000008100f364                udp_ntoh
                0x000000008100f398                udp_hton
 .text          0x000000008100f3cc       0x60 binaries/consume.o
                0x000000008100f3cc                consumer
 .text          0x000000008100f42c       0x48 binaries/future_cons.o
                0x000000008100f42c                future_cons
 .text          0x000000008100f474       0x58 binaries/future_prod.o
                0x000000008100f474                future_prod
 .text          0x000000008100f4cc       0x64 binaries/produce.o
                0x000000008100f4cc                producer
 .text          0x000000008100f530      0x13c binaries/addargs.o
                0x000000008100f530                addargs
 .text          0x000000008100f66c      0x28c binaries/lexan.o
                0x000000008100f66c                lexan
 .text          0x000000008100f8f8      0x68c binaries/shell.o
                0x000000008100f8f8                shell
 .text          0x000000008100ff84       0x64 binaries/xsh_argecho.o
                0x000000008100ff84                xsh_argecho
 .text          0x000000008100ffe8      0x1c8 binaries/xsh_arp.o
                0x000000008100ffe8                xsh_arp
 .text          0x00000000810101b0      0x234 binaries/xsh_cat.o
                0x00000000810101b0                xsh_cat
 .text          0x00000000810103e4       0x5c binaries/xsh_clear.o
                0x00000000810103e4                xsh_clear
 .text          0x0000000081010440      0x29c binaries/xsh_date.o
                0x0000000081010440                xsh_date
 .text          0x00000000810106dc       0x98 binaries/xsh_devdump.o
                0x00000000810106dc                xsh_devdump
 .text          0x0000000081010774       0x68 binaries/xsh_echo.o
                0x0000000081010774                xsh_echo
 .text          0x00000000810107dc        0x8 binaries/xsh_exit.o
                0x00000000810107dc                xsh_exit
 .text          0x00000000810107e4       0x30 binaries/xsh_hello.o
                0x00000000810107e4                xsh_hello
 .text          0x0000000081010814      0x3b8 binaries/xsh_help.o
                0x0000000081010814                xsh_help
 .text          0x0000000081010bcc      0x354 binaries/xsh_ipaddr.o
                0x0000000081010bcc                xsh_ipaddr
 .text          0x0000000081010f20      0x1fc binaries/xsh_kill.o
                0x0000000081010f20                xsh_kill
 .text          0x000000008101111c      0x2ac binaries/xsh_led.o
                0x000000008101111c                xsh_led
 .text          0x00000000810113c8      0x434 binaries/xsh_memdump.o
                0x00000000810114bc                xsh_memdump
 .text          0x00000000810117fc      0x224 binaries/xsh_memstat.o
                0x00000000810117fc                xsh_memstat
 .text          0x0000000081011a20      0x3b8 binaries/xsh_ping.o
                0x0000000081011a20                xsh_ping
 .text          0x0000000081011dd8      0x308 binaries/xsh_prodcons.o
                0x0000000081011dd8                xsh_prodcons
 .text          0x00000000810120e0      0x220 binaries/xsh_ps.o
                0x00000000810120e0                xsh_ps
 .text          0x0000000081012300       0x14 binaries/xsh_reset.o
                0x0000000081012300                xsh_reset
 .text          0x0000000081012314      0x1d4 binaries/xsh_sleep.o
                0x0000000081012314                xsh_sleep
 .text          0x00000000810124e8      0x244 binaries/xsh_udpdump.o
                0x00000000810124e8                xsh_udpdump
 .text          0x000000008101272c      0x3fc binaries/xsh_udpecho.o
                0x000000008101272c                xsh_udpecho
 .text          0x0000000081012b28      0x250 binaries/xsh_udpeserver.o
                0x0000000081012b28                xsh_udpeserver
 .text          0x0000000081012d78      0x1b4 binaries/xsh_uptime.o
                0x0000000081012d78                xsh_uptime
 .text          0x0000000081012f2c       0x2c binaries/ctxsw.o
                0x0000000081012f2c                ctxsw
 .text          0x0000000081012f58      0x100 binaries/intr.o
                0x0000000081012f58                disable
                0x0000000081012f64                restore
                0x0000000081012f88                enable
                0x0000000081012f90                pause
                0x0000000081012f90                halt
                0x0000000081012f98                irq_except
                0x0000000081012fc8                initevec
                0x0000000081013028                expjmpinstr
 .text          0x0000000081013058      0x114 /usr/lib/gcc/arm-none-eabi/4.9.3/libgcc.a(_udivsi3.o)
                0x0000000081013058                __udivsi3
                0x0000000081013058                __aeabi_uidiv
                0x000000008101314c                __aeabi_uidivmod
 .text          0x000000008101316c      0x148 /usr/lib/gcc/arm-none-eabi/4.9.3/libgcc.a(_divsi3.o)
                0x000000008101316c                __aeabi_idiv
                0x000000008101316c                __divsi3
                0x0000000081013294                __aeabi_idivmod
 .text          0x00000000810132b4        0x4 /usr/lib/gcc/arm-none-eabi/4.9.3/libgcc.a(_dvmd_tls.o)
                0x00000000810132b4                __aeabi_ldiv0
                0x00000000810132b4                __aeabi_idiv0
 *(.rodata .rodata.*)
 .rodata.str1.4
                0x00000000810132b8       0x78 binaries/ascdate.o
 .rodata.str1.4
                0x0000000081013330       0xcb binaries/conf.o
 *fill*         0x00000000810133fb        0x1 
 .rodata.str1.4
                0x00000000810133fc       0x60 binaries/getutime.o
 .rodata.str1.4
                0x000000008101345c      0x16c binaries/initialize.o
                                        0x170 (size before relaxing)
 .rodata.str1.4
                0x00000000810135c8       0x56 binaries/main.o
 *fill*         0x000000008101361e        0x2 
 .rodata.str1.4
                0x0000000081013620       0x10 binaries/panic.o
 .rodata.str1.4
                0x0000000081013630       0x1c binaries/ptinit.o
 .rodata.str1.4
                0x000000008101364c       0x25 binaries/ptsend.o
 *fill*         0x0000000081013671        0x3 
 .rodata.str1.4
                0x0000000081013674       0x27 binaries/xdone.o
 *fill*         0x000000008101369b        0x1 
 .rodata        0x000000008101369c       0x81 binaries/ctype_.o
                0x000000008101369c                _ctype_
 *fill*         0x000000008101371d        0x3 
 .rodata.str1.4
                0x0000000081013720       0x2f binaries/doprnt.o
 .rodata.str1.4
                0x0000000000000000       0x2d binaries/fdoprnt.o
 *fill*         0x000000008101374f        0x1 
 .rodata.str1.4
                0x0000000081013750       0x86 binaries/naminit.o
                                         0x8e (size before relaxing)
 *fill*         0x00000000810137d6        0x2 
 .rodata.str1.4
                0x00000000810137d8       0xe5 binaries/ethinit.o
 *fill*         0x00000000810138bd        0x3 
 .rodata.str1.4
                0x00000000810138c0       0x12 binaries/ethread.o
 *fill*         0x00000000810138d2        0x2 
 .rodata.str1.4
                0x00000000810138d4       0x2c binaries/rdsbufalloc.o
 .rodata.str1.4
                0x0000000081013900       0x76 binaries/rdscomm.o
 *fill*         0x0000000081013976        0x2 
 .rodata.str1.4
                0x0000000081013978       0x48 binaries/rdscontrol.o
 .rodata.str1.4
                0x00000000810139c0       0x96 binaries/rdsinit.o
 *fill*         0x0000000081013a56        0x2 
 .rodata.str1.4
                0x0000000081013a58       0x22 binaries/rdsopen.o
 *fill*         0x0000000081013a7a        0x2 
 .rodata.str1.4
                0x0000000081013a7c       0x4d binaries/rdsprocess.o
 *fill*         0x0000000081013ac9        0x3 
 .rodata.str1.4
                0x0000000081013acc        0x9 binaries/raminit.o
 *fill*         0x0000000081013ad5        0x3 
 .rodata.str1.4
                0x0000000081013ad8       0x37 binaries/lfdballoc.o
 *fill*         0x0000000081013b0f        0x1 
 .rodata.str1.4
                0x0000000081013b10       0x14 binaries/lfiballoc.o
 .rodata.str1.4
                0x0000000081013b24       0x23 binaries/lflcontrol.o
 *fill*         0x0000000081013b47        0x1 
 .rodata.str1.4
                0x0000000081013b48       0xbb binaries/lfsckfmt.o
 *fill*         0x0000000081013c03        0x1 
 .rodata.str1.4
                0x0000000081013c04       0x21 binaries/rflread.o
 .rodata.str1.4
                0x0000000000000000       0x21 binaries/rflwrite.o
 *fill*         0x0000000081013c25        0x3 
 .rodata.str1.4
                0x0000000081013c28       0x75 binaries/rfscomm.o
 *fill*         0x0000000081013c9d        0x3 
 .rodata.str1.4
                0x0000000081013ca0       0x23 binaries/rfscontrol.o
 *fill*         0x0000000081013cc3        0x1 
 .rodata.str1.4
                0x0000000081013cc4       0x63 binaries/rfsinit.o
 *fill*         0x0000000081013d27        0x1 
 .rodata.str1.4
                0x0000000081013d28       0x2a binaries/rfsndmsg.o
 .rodata.str1.4
                0x0000000000000000       0x22 binaries/rfsopen.o
 *fill*         0x0000000081013d52        0x2 
 .rodata.str1.4
                0x0000000081013d54       0x3d binaries/arp.o
 *fill*         0x0000000081013d91        0x3 
 .rodata.str1.4
                0x0000000081013d94      0x462 binaries/dhcp.o
                                        0x466 (size before relaxing)
 *fill*         0x00000000810141f6        0x2 
 .rodata.str1.4
                0x00000000810141f8       0xca binaries/hexdump.o
                                         0xd6 (size before relaxing)
 *fill*         0x00000000810142c2        0x2 
 .rodata.str1.4
                0x00000000810142c4       0x29 binaries/icmp.o
 *fill*         0x00000000810142ed        0x3 
 .rodata.str1.4
                0x00000000810142f0       0x6e binaries/ip.o
 *fill*         0x000000008101435e        0x2 
 .rodata.str1.4
                0x0000000081014360       0x53 binaries/net.o
 *fill*         0x00000000810143b3        0x1 
 .rodata.str1.4
                0x00000000810143b4       0x7f binaries/netstart.o
 *fill*         0x0000000081014433        0x1 
 .rodata.str1.4
                0x0000000081014434      0x292 binaries/pdump.o
                                        0x296 (size before relaxing)
 *fill*         0x00000000810146c6        0x2 
 .rodata.str1.4
                0x00000000810146c8      0x178 binaries/tftp.o
                                        0x17c (size before relaxing)
 .rodata.str1.4
                0x0000000081014840        0xe binaries/consume.o
 *fill*         0x000000008101484e        0x2 
 .rodata.str1.4
                0x0000000081014850       0x24 binaries/future_cons.o
 .rodata.str1.4
                0x0000000081014874       0x14 binaries/future_prod.o
 .rodata.str1.4
                0x0000000081014888        0xe binaries/produce.o
 *fill*         0x0000000081014896        0x2 
 .rodata        0x0000000081014898      0x120 binaries/shell.o
                0x0000000081014898                cmdtab
 .rodata.str1.4
                0x00000000810149b8      0x306 binaries/shell.o
                                        0x30e (size before relaxing)
 *fill*         0x0000000081014cbe        0x2 
 .rodata.str1.4
                0x0000000081014cc0       0x29 binaries/xsh_argecho.o
                                         0x2e (size before relaxing)
 *fill*         0x0000000081014ce9        0x3 
 .rodata.str1.4
                0x0000000081014cec      0x13e binaries/xsh_arp.o
                                        0x142 (size before relaxing)
 *fill*         0x0000000081014e2a        0x2 
 .rodata.str1.4
                0x0000000081014e2c       0x81 binaries/xsh_cat.o
                                         0xd1 (size before relaxing)
 *fill*         0x0000000081014ead        0x3 
 .rodata.str1.4
                0x0000000081014eb0       0x15 binaries/xsh_clear.o
 *fill*         0x0000000081014ec5        0x3 
 .rodata.str1.4
                0x0000000081014ec8      0x1af binaries/xsh_date.o
                                        0x1cb (size before relaxing)
 *fill*         0x0000000081015077        0x1 
 .rodata.str1.4
                0x0000000081015078       0x61 binaries/xsh_devdump.o
 *fill*         0x00000000810150d9        0x3 
 .rodata.str1.4
                0x00000000810150dc        0x8 binaries/xsh_echo.o
                                          0xa (size before relaxing)
 .rodata.str1.4
                0x00000000810150e4       0x29 binaries/xsh_hello.o
                                         0x2e (size before relaxing)
 *fill*         0x000000008101510d        0x3 
 .rodata.str1.4
                0x0000000081015110       0xe7 binaries/xsh_help.o
                                        0x17a (size before relaxing)
 *fill*         0x00000000810151f7        0x1 
 .rodata.str1.4
                0x00000000810151f8       0xfb binaries/xsh_ipaddr.o
                                        0x1ab (size before relaxing)
 *fill*         0x00000000810152f3        0x1 
 .rodata.str1.4
                0x00000000810152f4       0xc8 binaries/xsh_kill.o
                                        0x136 (size before relaxing)
 .rodata.str1.4
                0x00000000810153bc       0xf7 binaries/xsh_led.o
                                        0x16b (size before relaxing)
 *fill*         0x00000000810154b3        0x1 
 .rodata.str1.4
                0x00000000810154b4      0x1e2 binaries/xsh_memdump.o
                                        0x262 (size before relaxing)
 *fill*         0x0000000081015696        0x2 
 .rodata.str1.4
                0x0000000081015698      0x1cc binaries/xsh_memstat.o
                                        0x232 (size before relaxing)
 .rodata.str1.4
                0x0000000081015864      0x13f binaries/xsh_ping.o
                                        0x1b2 (size before relaxing)
 *fill*         0x00000000810159a3        0x1 
 .rodata.str1.4
                0x00000000810159a4       0x79 binaries/xsh_prodcons.o
                                         0xc7 (size before relaxing)
 *fill*         0x0000000081015a1d        0x3 
 .rodata        0x0000000081015a20       0x20 binaries/xsh_ps.o
 .rodata.str1.4
                0x0000000081015a40      0x11a binaries/xsh_ps.o
                                        0x1d2 (size before relaxing)
 *fill*         0x0000000081015b5a        0x2 
 .rodata.str1.4
                0x0000000081015b5c       0x5e binaries/xsh_sleep.o
                                         0xf6 (size before relaxing)
 *fill*         0x0000000081015bba        0x2 
 .rodata        0x0000000081015bbc        0xc binaries/xsh_udpdump.o
 .rodata.str1.4
                0x0000000081015bc8      0x122 binaries/xsh_udpdump.o
                                        0x1de (size before relaxing)
 *fill*         0x0000000081015cea        0x2 
 .rodata.str1.4
                0x0000000081015cec      0x1ae binaries/xsh_udpecho.o
                                        0x222 (size before relaxing)
 *fill*         0x0000000081015e9a        0x2 
 .rodata.str1.4
                0x0000000081015e9c       0x97 binaries/xsh_udpeserver.o
                                        0x13b (size before relaxing)
 *fill*         0x0000000081015f33        0x1 
 .rodata.str1.4
                0x0000000081015f34       0x78 binaries/xsh_uptime.o
                                        0x112 (size before relaxing)
                0x0000000081015fac                etext = ABSOLUTE (.)
                0x0000000081016000                . = ALIGN (0x1000)
 *fill*         0x0000000081015fac       0x54 

.glue_7         0x0000000081016000        0x0
 .glue_7        0x0000000000000000        0x0 linker stubs

.glue_7t        0x0000000081016000        0x0
 .glue_7t       0x0000000000000000        0x0 linker stubs

.vfp11_veneer   0x0000000081016000        0x0
 .vfp11_veneer  0x0000000000000000        0x0 linker stubs

.v4_bx          0x0000000081016000        0x0
 .v4_bx         0x0000000000000000        0x0 linker stubs

.iplt           0x0000000081016000        0x0
 .iplt          0x0000000000000000        0x0 binaries/start.o

.rel.dyn        0x0000000081016000        0x0
 .rel.iplt      0x0000000000000000        0x0 binaries/start.o

.data           0x0000000081016000     0x1000
                0x0000000081016000                data = ABSOLUTE (.)
 *(.data .data.*)
 .data          0x0000000081016000        0x0 binaries/start.o
 .data          0x0000000081016000       0x88 binaries/ascdate.o
                0x0000000081016000                Date
 .data          0x0000000081016088        0x0 binaries/bufinit.o
 .data          0x0000000081016088        0x0 binaries/chprio.o
 .data          0x0000000081016088        0x4 binaries/clkhandler.o
 .data          0x000000008101608c        0x0 binaries/clkinit.o
 .data          0x000000008101608c        0x0 binaries/close.o
 .data          0x000000008101608c      0x5a0 binaries/conf.o
                0x000000008101608c                devtab
 .data          0x000000008101662c        0x0 binaries/control.o
 .data          0x000000008101662c        0x4 binaries/create.o
 .data          0x0000000081016630       0x3d binaries/evec.o
                0x0000000081016630                expmsg2
                0x0000000081016644                expmsg1
 .data          0x000000008101666d        0x0 binaries/exit.o
 .data          0x000000008101666d        0x0 binaries/freebuf.o
 .data          0x000000008101666d        0x0 binaries/freemem.o
 .data          0x000000008101666d        0x0 binaries/future_alloc.o
 .data          0x000000008101666d        0x0 binaries/future_free.o
 .data          0x000000008101666d        0x0 binaries/future_get.o
 .data          0x000000008101666d        0x0 binaries/future_set.o
 .data          0x000000008101666d        0x0 binaries/getbuf.o
 .data          0x000000008101666d        0x0 binaries/getc.o
 .data          0x000000008101666d        0x0 binaries/getdev.o
 .data          0x000000008101666d        0x0 binaries/getitem.o
 .data          0x000000008101666d        0x0 binaries/getmem.o
 .data          0x000000008101666d        0x0 binaries/getpid.o
 .data          0x000000008101666d        0x0 binaries/getprio.o
 .data          0x000000008101666d        0x0 binaries/getstk.o
 .data          0x000000008101666d        0x0 binaries/gettime.o
 .data          0x000000008101666d        0x0 binaries/getutime.o
 .data          0x000000008101666d        0x0 binaries/init.o
 .data          0x000000008101666d        0x0 binaries/initialize.o
 .data          0x000000008101666d        0x0 binaries/insert.o
 .data          0x000000008101666d        0x0 binaries/insertd.o
 .data          0x000000008101666d        0x0 binaries/ioerr.o
 .data          0x000000008101666d        0x0 binaries/ionull.o
 .data          0x000000008101666d        0x0 binaries/kill.o
 .data          0x000000008101666d        0x0 binaries/kprintf.o
 *fill*         0x000000008101666d        0x3 
 .data          0x0000000081016670        0x4 binaries/main.o
                0x0000000081016670                gcounter
 .data          0x0000000081016674        0x0 binaries/mark.o
 .data          0x0000000081016674        0x0 binaries/meminit.o
 .data          0x0000000081016674        0x0 binaries/mkbufpool.o
 .data          0x0000000081016674        0x2 binaries/newqueue.o
 .data          0x0000000081016676        0x0 binaries/open.o
 .data          0x0000000081016676        0x0 binaries/panic.o
 .data          0x0000000081016676        0x0 binaries/platinit.o
 .data          0x0000000081016676        0x0 binaries/ptclear.o
 .data          0x0000000081016676        0x0 binaries/ptcount.o
 .data          0x0000000081016676        0x0 binaries/ptcreate.o
 .data          0x0000000081016676        0x0 binaries/ptdelete.o
 .data          0x0000000081016676        0x0 binaries/ptinit.o
 .data          0x0000000081016676        0x0 binaries/ptrecv.o
 .data          0x0000000081016676        0x0 binaries/ptreset.o
 .data          0x0000000081016676        0x0 binaries/ptsend.o
 .data          0x0000000081016676        0x0 binaries/putc.o
 .data          0x0000000081016676        0x0 binaries/queue.o
 .data          0x0000000081016676        0x0 binaries/read.o
 .data          0x0000000081016676        0x0 binaries/ready.o
 .data          0x0000000081016676        0x0 binaries/receive.o
 .data          0x0000000081016676        0x0 binaries/recvclr.o
 .data          0x0000000081016676        0x0 binaries/recvtime.o
 .data          0x0000000081016676        0x0 binaries/resched.o
 .data          0x0000000081016676        0x0 binaries/resume.o
 .data          0x0000000081016676        0x0 binaries/seek.o
 .data          0x0000000081016676        0x0 binaries/semcount.o
 .data          0x0000000081016676        0x0 binaries/semcreate.o
 .data          0x0000000081016676        0x0 binaries/semdelete.o
 .data          0x0000000081016676        0x0 binaries/semreset.o
 .data          0x0000000081016676        0x0 binaries/send.o
 .data          0x0000000081016676        0x0 binaries/signal.o
 .data          0x0000000081016676        0x0 binaries/signaln.o
 .data          0x0000000081016676        0x0 binaries/sleep.o
 .data          0x0000000081016676        0x0 binaries/suspend.o
 .data          0x0000000081016676        0x0 binaries/unsleep.o
 .data          0x0000000081016676        0x0 binaries/userret.o
 .data          0x0000000081016676        0x0 binaries/wait.o
 .data          0x0000000081016676        0x0 binaries/wakeup.o
 .data          0x0000000081016676        0x0 binaries/write.o
 .data          0x0000000081016676        0x0 binaries/xdone.o
 .data          0x0000000081016676        0x0 binaries/yield.o
 .data          0x0000000081016676        0x0 binaries/abs.o
 .data          0x0000000081016676        0x0 binaries/atoi.o
 .data          0x0000000081016676        0x0 binaries/atol.o
 .data          0x0000000081016676        0x0 binaries/bzero.o
 .data          0x0000000081016676        0x0 binaries/ctype_.o
 .data          0x0000000081016676        0x0 binaries/doprnt.o
 *fill*         0x0000000081016676        0x2 
 .data          0x0000000081016678       0x80 binaries/doscan.o
                0x0000000081016678                _sctab
 .data          0x00000000810166f8        0x0 binaries/fdoprnt.o
 .data          0x00000000810166f8        0x0 binaries/fgetc.o
 .data          0x00000000810166f8        0x0 binaries/fgets.o
 .data          0x00000000810166f8        0x0 binaries/fprintf.o
 .data          0x00000000810166f8        0x0 binaries/fputc.o
 .data          0x00000000810166f8        0x0 binaries/fputs.o
 .data          0x00000000810166f8        0x0 binaries/fscanf.o
 .data          0x00000000810166f8        0x0 binaries/getchar.o
 .data          0x00000000810166f8        0x0 binaries/labs.o
 .data          0x00000000810166f8        0x0 binaries/memchr.o
 .data          0x00000000810166f8        0x0 binaries/memcmp.o
 .data          0x00000000810166f8        0x0 binaries/memcpy.o
 .data          0x00000000810166f8        0x0 binaries/memset.o
 .data          0x00000000810166f8        0x0 binaries/printf.o
 .data          0x00000000810166f8        0x0 binaries/putchar.o
 .data          0x00000000810166f8        0x0 binaries/qsort.o
 .data          0x00000000810166f8        0x4 binaries/rand.o
 .data          0x00000000810166fc        0x0 binaries/sprintf.o
 .data          0x00000000810166fc        0x0 binaries/sscanf.o
 .data          0x00000000810166fc        0x0 binaries/strchr.o
 .data          0x00000000810166fc        0x0 binaries/strcmp.o
 .data          0x00000000810166fc        0x0 binaries/strcpy.o
 .data          0x00000000810166fc        0x0 binaries/strlen.o
 .data          0x00000000810166fc        0x0 binaries/strncat.o
 .data          0x00000000810166fc        0x0 binaries/strncmp.o
 .data          0x00000000810166fc        0x0 binaries/strncpy.o
 .data          0x00000000810166fc        0x0 binaries/strnlen.o
 .data          0x00000000810166fc        0x0 binaries/strrchr.o
 .data          0x00000000810166fc        0x0 binaries/strstr.o
 .data          0x00000000810166fc        0x0 binaries/ttycontrol.o
 .data          0x00000000810166fc        0x0 binaries/ttygetc.o
 .data          0x00000000810166fc        0x0 binaries/ttyhandle_in.o
 .data          0x00000000810166fc        0x0 binaries/ttyhandle_out.o
 .data          0x00000000810166fc        0x0 binaries/ttyhandler.o
 .data          0x00000000810166fc        0x0 binaries/ttyinit.o
 .data          0x00000000810166fc        0x0 binaries/ttykickout.o
 .data          0x00000000810166fc        0x0 binaries/ttyputc.o
 .data          0x00000000810166fc        0x0 binaries/ttyread.o
 .data          0x00000000810166fc        0x0 binaries/ttywrite.o
 .data          0x00000000810166fc        0x0 binaries/mount.o
 .data          0x00000000810166fc        0x0 binaries/naminit.o
 .data          0x00000000810166fc        0x0 binaries/nammap.o
 .data          0x00000000810166fc        0x0 binaries/namopen.o
 .data          0x00000000810166fc        0x0 binaries/colon2mac.o
 .data          0x00000000810166fc        0x0 binaries/ethcontrol.o
 .data          0x00000000810166fc        0x0 binaries/ethhandler.o
 .data          0x00000000810166fc        0x0 binaries/ethinit.o
 .data          0x00000000810166fc        0x0 binaries/ethread.o
 .data          0x00000000810166fc        0x0 binaries/ethwrite.o
 .data          0x00000000810166fc        0x0 binaries/rdsbufalloc.o
 .data          0x00000000810166fc        0x0 binaries/rdsclose.o
 .data          0x00000000810166fc        0x0 binaries/rdscomm.o
 .data          0x00000000810166fc        0x0 binaries/rdscontrol.o
 .data          0x00000000810166fc        0x0 binaries/rdsinit.o
 .data          0x00000000810166fc        0x0 binaries/rdsopen.o
 .data          0x00000000810166fc        0x0 binaries/rdsprocess.o
 .data          0x00000000810166fc        0x0 binaries/rdsread.o
 .data          0x00000000810166fc        0x0 binaries/rdswrite.o
 .data          0x00000000810166fc        0x0 binaries/ramclose.o
 .data          0x00000000810166fc        0x0 binaries/raminit.o
 .data          0x00000000810166fc        0x0 binaries/ramopen.o
 .data          0x00000000810166fc        0x0 binaries/ramread.o
 .data          0x00000000810166fc        0x0 binaries/ramwrite.o
 .data          0x00000000810166fc        0x0 binaries/lfdballoc.o
 .data          0x00000000810166fc        0x0 binaries/lfdbfree.o
 .data          0x00000000810166fc        0x0 binaries/lfflush.o
 .data          0x00000000810166fc        0x0 binaries/lfgetmode.o
 .data          0x00000000810166fc        0x0 binaries/lfiballoc.o
 .data          0x00000000810166fc        0x0 binaries/lfibclear.o
 .data          0x00000000810166fc        0x0 binaries/lfibget.o
 .data          0x00000000810166fc        0x0 binaries/lfibput.o
 .data          0x00000000810166fc        0x0 binaries/lflclose.o
 .data          0x00000000810166fc        0x0 binaries/lflcontrol.o
 .data          0x00000000810166fc        0x0 binaries/lflgetc.o
 .data          0x00000000810166fc        0x0 binaries/lflinit.o
 .data          0x00000000810166fc        0x0 binaries/lflputc.o
 .data          0x00000000810166fc        0x0 binaries/lflread.o
 .data          0x00000000810166fc        0x0 binaries/lflseek.o
 .data          0x00000000810166fc        0x0 binaries/lflwrite.o
 .data          0x00000000810166fc        0x0 binaries/lfsckfmt.o
 .data          0x00000000810166fc        0x0 binaries/lfscreate.o
 .data          0x00000000810166fc        0x0 binaries/lfsetup.o
 .data          0x00000000810166fc        0x0 binaries/lfsinit.o
 .data          0x00000000810166fc        0x0 binaries/lfsopen.o
 .data          0x00000000810166fc        0x0 binaries/lftruncate.o
 .data          0x00000000810166fc        0x0 binaries/rflclose.o
 .data          0x00000000810166fc        0x0 binaries/rflgetc.o
 .data          0x00000000810166fc        0x0 binaries/rflinit.o
 .data          0x00000000810166fc        0x0 binaries/rflputc.o
 .data          0x00000000810166fc        0x0 binaries/rflread.o
 .data          0x00000000810166fc        0x0 binaries/rflseek.o
 .data          0x00000000810166fc        0x0 binaries/rflwrite.o
 .data          0x00000000810166fc        0x0 binaries/rfscomm.o
 .data          0x00000000810166fc        0x0 binaries/rfscontrol.o
 .data          0x00000000810166fc        0x0 binaries/rfsgetmode.o
 .data          0x00000000810166fc        0x0 binaries/rfsinit.o
 .data          0x00000000810166fc        0x0 binaries/rfsndmsg.o
 .data          0x00000000810166fc        0x0 binaries/rfsopen.o
 .data          0x00000000810166fc        0x0 binaries/arp.o
 .data          0x00000000810166fc        0x0 binaries/dhcp.o
 .data          0x00000000810166fc        0x0 binaries/dns.o
 .data          0x00000000810166fc        0x0 binaries/dot2ip.o
 .data          0x00000000810166fc        0x0 binaries/hexdump.o
 .data          0x00000000810166fc        0x4 binaries/icmp.o
 .data          0x0000000081016700        0x0 binaries/ip.o
 .data          0x0000000081016700        0x0 binaries/net.o
 .data          0x0000000081016700        0x0 binaries/netstart.o
 .data          0x0000000081016700        0x0 binaries/pdump.o
 .data          0x0000000081016700        0x0 binaries/tftp.o
 .data          0x0000000081016700        0x4 binaries/udp.o
 .data          0x0000000081016704        0x0 binaries/consume.o
 .data          0x0000000081016704        0x0 binaries/future_cons.o
 .data          0x0000000081016704        0x0 binaries/future_prod.o
 .data          0x0000000081016704        0x0 binaries/produce.o
 .data          0x0000000081016704        0x0 binaries/addargs.o
 .data          0x0000000081016704        0x0 binaries/lexan.o
 .data          0x0000000081016704        0x4 binaries/shell.o
                0x0000000081016704                ncmd
 .data          0x0000000081016708        0x0 binaries/xsh_argecho.o
 .data          0x0000000081016708        0x0 binaries/xsh_arp.o
 .data          0x0000000081016708        0x0 binaries/xsh_cat.o
 .data          0x0000000081016708        0x0 binaries/xsh_clear.o
 .data          0x0000000081016708        0x0 binaries/xsh_date.o
 .data          0x0000000081016708        0x0 binaries/xsh_devdump.o
 .data          0x0000000081016708        0x0 binaries/xsh_echo.o
 .data          0x0000000081016708        0x0 binaries/xsh_exit.o
 .data          0x0000000081016708        0x0 binaries/xsh_hello.o
 .data          0x0000000081016708        0x0 binaries/xsh_help.o
 .data          0x0000000081016708        0x0 binaries/xsh_ipaddr.o
 .data          0x0000000081016708        0x0 binaries/xsh_kill.o
 .data          0x0000000081016708        0x0 binaries/xsh_led.o
 .data          0x0000000081016708        0x0 binaries/xsh_memdump.o
 .data          0x0000000081016708        0x0 binaries/xsh_memstat.o
 .data          0x0000000081016708        0x0 binaries/xsh_ping.o
 .data          0x0000000081016708        0x0 binaries/xsh_prodcons.o
 .data          0x0000000081016708        0x0 binaries/xsh_ps.o
 .data          0x0000000081016708        0x0 binaries/xsh_reset.o
 .data          0x0000000081016708        0x0 binaries/xsh_sleep.o
 .data          0x0000000081016708        0x0 binaries/xsh_udpdump.o
 .data          0x0000000081016708        0x0 binaries/xsh_udpecho.o
 .data          0x0000000081016708        0x0 binaries/xsh_udpeserver.o
 .data          0x0000000081016708        0x0 binaries/xsh_uptime.o
 .data          0x0000000081016708        0x0 binaries/ctxsw.o
 .data          0x0000000081016708        0x0 binaries/intr.o
 .data          0x0000000081016708        0x0 /usr/lib/gcc/arm-none-eabi/4.9.3/libgcc.a(_udivsi3.o)
 .data          0x0000000081016708        0x0 /usr/lib/gcc/arm-none-eabi/4.9.3/libgcc.a(_divsi3.o)
 .data          0x0000000081016708        0x0 /usr/lib/gcc/arm-none-eabi/4.9.3/libgcc.a(_dvmd_tls.o)
                0x0000000081016708                edata = ABSOLUTE (.)
                0x0000000081017000                . = ALIGN (0x1000)
 *fill*         0x0000000081016708      0x8f8 

.igot.plt       0x0000000081017000        0x0
 .igot.plt      0x0000000000000000        0x0 binaries/start.o

.bss            0x0000000081017000    0x20000
                0x0000000081017000                bss = ABSOLUTE (.)
 *(.bss .bss.*)
 .bss           0x0000000081017000        0x0 binaries/start.o
 .bss           0x0000000081017000        0x0 binaries/ascdate.o
 .bss           0x0000000081017000        0x0 binaries/bufinit.o
 .bss           0x0000000081017000        0x0 binaries/chprio.o
 .bss           0x0000000081017000        0x0 binaries/clkhandler.o
 .bss           0x0000000081017000        0x4 binaries/clkinit.o
                0x0000000081017000                ctr1000
 .bss           0x0000000081017004        0x0 binaries/close.o
 .bss           0x0000000081017004        0x0 binaries/conf.o
 .bss           0x0000000081017004        0x0 binaries/control.o
 .bss           0x0000000081017004        0x0 binaries/create.o
 .bss           0x0000000081017004        0x0 binaries/evec.o
 .bss           0x0000000081017004        0x0 binaries/exit.o
 .bss           0x0000000081017004        0x0 binaries/freebuf.o
 .bss           0x0000000081017004        0x0 binaries/freemem.o
 .bss           0x0000000081017004        0x0 binaries/future_alloc.o
 .bss           0x0000000081017004        0x0 binaries/future_free.o
 .bss           0x0000000081017004        0x0 binaries/future_get.o
 .bss           0x0000000081017004        0x0 binaries/future_set.o
 .bss           0x0000000081017004        0x0 binaries/getbuf.o
 .bss           0x0000000081017004        0x0 binaries/getc.o
 .bss           0x0000000081017004        0x0 binaries/getdev.o
 .bss           0x0000000081017004        0x0 binaries/getitem.o
 .bss           0x0000000081017004        0x0 binaries/getmem.o
 .bss           0x0000000081017004        0x0 binaries/getpid.o
 .bss           0x0000000081017004        0x0 binaries/getprio.o
 .bss           0x0000000081017004        0x0 binaries/getstk.o
 .bss           0x0000000081017004        0x0 binaries/gettime.o
 .bss           0x0000000081017004        0x0 binaries/getutime.o
 .bss           0x0000000081017004        0x0 binaries/init.o
 .bss           0x0000000081017004        0x0 binaries/initialize.o
 .bss           0x0000000081017004        0x0 binaries/insert.o
 .bss           0x0000000081017004        0x0 binaries/insertd.o
 .bss           0x0000000081017004        0x0 binaries/ioerr.o
 .bss           0x0000000081017004        0x0 binaries/ionull.o
 .bss           0x0000000081017004        0x0 binaries/kill.o
 .bss           0x0000000081017004        0x0 binaries/kprintf.o
 .bss           0x0000000081017004        0x0 binaries/main.o
 .bss           0x0000000081017004        0x0 binaries/mark.o
 .bss           0x0000000081017004        0x0 binaries/meminit.o
 .bss           0x0000000081017004        0x0 binaries/mkbufpool.o
 .bss           0x0000000081017004        0x0 binaries/newqueue.o
 .bss           0x0000000081017004        0x0 binaries/open.o
 .bss           0x0000000081017004        0x0 binaries/panic.o
 .bss           0x0000000081017004        0x0 binaries/platinit.o
 .bss           0x0000000081017004        0x0 binaries/ptclear.o
 .bss           0x0000000081017004        0x0 binaries/ptcount.o
 .bss           0x0000000081017004        0x0 binaries/ptcreate.o
 .bss           0x0000000081017004        0x0 binaries/ptdelete.o
 .bss           0x0000000081017004        0x0 binaries/ptinit.o
 .bss           0x0000000081017004        0x0 binaries/ptrecv.o
 .bss           0x0000000081017004        0x0 binaries/ptreset.o
 .bss           0x0000000081017004        0x0 binaries/ptsend.o
 .bss           0x0000000081017004        0x0 binaries/putc.o
 .bss           0x0000000081017004        0x0 binaries/queue.o
 .bss           0x0000000081017004        0x0 binaries/read.o
 .bss           0x0000000081017004        0x0 binaries/ready.o
 .bss           0x0000000081017004        0x0 binaries/receive.o
 .bss           0x0000000081017004        0x0 binaries/recvclr.o
 .bss           0x0000000081017004        0x0 binaries/recvtime.o
 .bss           0x0000000081017004        0x0 binaries/resched.o
 .bss           0x0000000081017004        0x0 binaries/resume.o
 .bss           0x0000000081017004        0x0 binaries/seek.o
 .bss           0x0000000081017004        0x0 binaries/semcount.o
 .bss           0x0000000081017004        0x4 binaries/semcreate.o
 .bss           0x0000000081017008        0x0 binaries/semdelete.o
 .bss           0x0000000081017008        0x0 binaries/semreset.o
 .bss           0x0000000081017008        0x0 binaries/send.o
 .bss           0x0000000081017008        0x0 binaries/signal.o
 .bss           0x0000000081017008        0x0 binaries/signaln.o
 .bss           0x0000000081017008        0x0 binaries/sleep.o
 .bss           0x0000000081017008        0x0 binaries/suspend.o
 .bss           0x0000000081017008        0x0 binaries/unsleep.o
 .bss           0x0000000081017008        0x0 binaries/userret.o
 .bss           0x0000000081017008        0x0 binaries/wait.o
 .bss           0x0000000081017008        0x0 binaries/wakeup.o
 .bss           0x0000000081017008        0x0 binaries/write.o
 .bss           0x0000000081017008        0x0 binaries/xdone.o
 .bss           0x0000000081017008        0x0 binaries/yield.o
 .bss           0x0000000081017008        0x0 binaries/abs.o
 .bss           0x0000000081017008        0x0 binaries/atoi.o
 .bss           0x0000000081017008        0x0 binaries/atol.o
 .bss           0x0000000081017008        0x0 binaries/bzero.o
 .bss           0x0000000081017008        0x0 binaries/ctype_.o
 .bss           0x0000000081017008        0x0 binaries/doprnt.o
 .bss           0x0000000081017008        0x0 binaries/doscan.o
 .bss           0x0000000081017008        0x0 binaries/fdoprnt.o
 .bss           0x0000000081017008        0x0 binaries/fgetc.o
 .bss           0x0000000081017008        0x0 binaries/fgets.o
 .bss           0x0000000081017008        0x0 binaries/fprintf.o
 .bss           0x0000000081017008        0x0 binaries/fputc.o
 .bss           0x0000000081017008        0x0 binaries/fputs.o
 .bss           0x0000000081017008        0x0 binaries/fscanf.o
 .bss           0x0000000081017008        0x0 binaries/getchar.o
 .bss           0x0000000081017008        0x0 binaries/labs.o
 .bss           0x0000000081017008        0x0 binaries/memchr.o
 .bss           0x0000000081017008        0x0 binaries/memcmp.o
 .bss           0x0000000081017008        0x0 binaries/memcpy.o
 .bss           0x0000000081017008        0x0 binaries/memset.o
 .bss           0x0000000081017008        0x0 binaries/printf.o
 .bss           0x0000000081017008        0x0 binaries/putchar.o
 .bss           0x0000000081017008        0x8 binaries/qsort.o
 .bss           0x0000000081017010        0x0 binaries/rand.o
 .bss           0x0000000081017010        0x0 binaries/sprintf.o
 .bss           0x0000000081017010        0x0 binaries/sscanf.o
 .bss           0x0000000081017010        0x0 binaries/strchr.o
 .bss           0x0000000081017010        0x0 binaries/strcmp.o
 .bss           0x0000000081017010        0x0 binaries/strcpy.o
 .bss           0x0000000081017010        0x0 binaries/strlen.o
 .bss           0x0000000081017010        0x0 binaries/strncat.o
 .bss           0x0000000081017010        0x0 binaries/strncmp.o
 .bss           0x0000000081017010        0x0 binaries/strncpy.o
 .bss           0x0000000081017010        0x0 binaries/strnlen.o
 .bss           0x0000000081017010        0x0 binaries/strrchr.o
 .bss           0x0000000081017010        0x0 binaries/strstr.o
 .bss           0x0000000081017010        0x0 binaries/ttycontrol.o
 .bss           0x0000000081017010        0x0 binaries/ttygetc.o
 .bss           0x0000000081017010        0x0 binaries/ttyhandle_in.o
 .bss           0x0000000081017010        0x0 binaries/ttyhandle_out.o
 .bss           0x0000000081017010        0x0 binaries/ttyhandler.o
 .bss           0x0000000081017010        0x0 binaries/ttyinit.o
 .bss           0x0000000081017010        0x0 binaries/ttykickout.o
 .bss           0x0000000081017010        0x0 binaries/ttyputc.o
 .bss           0x0000000081017010        0x0 binaries/ttyread.o
 .bss           0x0000000081017010        0x0 binaries/ttywrite.o
 .bss           0x0000000081017010        0x0 binaries/mount.o
 .bss           0x0000000081017010        0x0 binaries/naminit.o
 .bss           0x0000000081017010        0x0 binaries/nammap.o
 .bss           0x0000000081017010        0x0 binaries/namopen.o
 .bss           0x0000000081017010        0x0 binaries/colon2mac.o
 .bss           0x0000000081017010        0x0 binaries/ethcontrol.o
 .bss           0x0000000081017010        0x0 binaries/ethhandler.o
 .bss           0x0000000081017010        0x0 binaries/ethinit.o
 .bss           0x0000000081017010        0x0 binaries/ethread.o
 .bss           0x0000000081017010        0x0 binaries/ethwrite.o
 .bss           0x0000000081017010        0x0 binaries/rdsbufalloc.o
 .bss           0x0000000081017010        0x0 binaries/rdsclose.o
 .bss           0x0000000081017010        0x0 binaries/rdscomm.o
 .bss           0x0000000081017010        0x0 binaries/rdscontrol.o
 .bss           0x0000000081017010        0x0 binaries/rdsinit.o
 .bss           0x0000000081017010        0x0 binaries/rdsopen.o
 .bss           0x0000000081017010        0x0 binaries/rdsprocess.o
 .bss           0x0000000081017010        0x0 binaries/rdsread.o
 .bss           0x0000000081017010        0x0 binaries/rdswrite.o
 .bss           0x0000000081017010        0x0 binaries/ramclose.o
 .bss           0x0000000081017010        0x0 binaries/raminit.o
 .bss           0x0000000081017010        0x0 binaries/ramopen.o
 .bss           0x0000000081017010        0x0 binaries/ramread.o
 .bss           0x0000000081017010        0x0 binaries/ramwrite.o
 .bss           0x0000000081017010        0x0 binaries/lfdballoc.o
 .bss           0x0000000081017010        0x0 binaries/lfdbfree.o
 .bss           0x0000000081017010        0x0 binaries/lfflush.o
 .bss           0x0000000081017010        0x0 binaries/lfgetmode.o
 .bss           0x0000000081017010        0x0 binaries/lfiballoc.o
 .bss           0x0000000081017010        0x0 binaries/lfibclear.o
 .bss           0x0000000081017010        0x0 binaries/lfibget.o
 .bss           0x0000000081017010        0x0 binaries/lfibput.o
 .bss           0x0000000081017010        0x0 binaries/lflclose.o
 .bss           0x0000000081017010        0x0 binaries/lflcontrol.o
 .bss           0x0000000081017010        0x0 binaries/lflgetc.o
 .bss           0x0000000081017010        0x0 binaries/lflinit.o
 .bss           0x0000000081017010        0x0 binaries/lflputc.o
 .bss           0x0000000081017010        0x0 binaries/lflread.o
 .bss           0x0000000081017010        0x0 binaries/lflseek.o
 .bss           0x0000000081017010        0x0 binaries/lflwrite.o
 .bss           0x0000000081017010        0x0 binaries/lfsckfmt.o
 .bss           0x0000000081017010        0x0 binaries/lfscreate.o
 .bss           0x0000000081017010        0x0 binaries/lfsetup.o
 .bss           0x0000000081017010        0x0 binaries/lfsinit.o
 .bss           0x0000000081017010        0x0 binaries/lfsopen.o
 .bss           0x0000000081017010        0x0 binaries/lftruncate.o
 .bss           0x0000000081017010        0x0 binaries/rflclose.o
 .bss           0x0000000081017010        0x0 binaries/rflgetc.o
 .bss           0x0000000081017010        0x0 binaries/rflinit.o
 .bss           0x0000000081017010        0x0 binaries/rflputc.o
 .bss           0x0000000081017010        0x0 binaries/rflread.o
 .bss           0x0000000081017010        0x0 binaries/rflseek.o
 .bss           0x0000000081017010        0x0 binaries/rflwrite.o
 .bss           0x0000000081017010        0x0 binaries/rfscomm.o
 .bss           0x0000000081017010        0x0 binaries/rfscontrol.o
 .bss           0x0000000081017010        0x0 binaries/rfsgetmode.o
 .bss           0x0000000081017010        0x0 binaries/rfsinit.o
 .bss           0x0000000081017010        0x0 binaries/rfsndmsg.o
 .bss           0x0000000081017010        0x0 binaries/rfsopen.o
 .bss           0x0000000081017010        0x0 binaries/arp.o
 .bss           0x0000000081017010        0x0 binaries/dhcp.o
 .bss           0x0000000081017010        0x0 binaries/dns.o
 .bss           0x0000000081017010        0x0 binaries/dot2ip.o
 .bss           0x0000000081017010        0x0 binaries/hexdump.o
 .bss           0x0000000081017010        0x0 binaries/icmp.o
 .bss           0x0000000081017010        0x0 binaries/ip.o
 .bss           0x0000000081017010        0x0 binaries/net.o
 .bss           0x0000000081017010        0x0 binaries/netstart.o
 .bss           0x0000000081017010        0x0 binaries/pdump.o
 .bss           0x0000000081017010        0x0 binaries/tftp.o
 .bss           0x0000000081017010        0x0 binaries/udp.o
 .bss           0x0000000081017010        0x0 binaries/consume.o
 .bss           0x0000000081017010        0x0 binaries/future_cons.o
 .bss           0x0000000081017010        0x0 binaries/future_prod.o
 .bss           0x0000000081017010        0x0 binaries/produce.o
 .bss           0x0000000081017010        0x0 binaries/addargs.o
 .bss           0x0000000081017010        0x0 binaries/lexan.o
 .bss           0x0000000081017010        0x0 binaries/shell.o
 .bss           0x0000000081017010        0x0 binaries/xsh_argecho.o
 .bss           0x0000000081017010        0x0 binaries/xsh_arp.o
 .bss           0x0000000081017010        0x0 binaries/xsh_cat.o
 .bss           0x0000000081017010        0x0 binaries/xsh_clear.o
 .bss           0x0000000081017010        0x0 binaries/xsh_date.o
 .bss           0x0000000081017010        0x0 binaries/xsh_devdump.o
 .bss           0x0000000081017010        0x0 binaries/xsh_echo.o
 .bss           0x0000000081017010        0x0 binaries/xsh_exit.o
 .bss           0x0000000081017010        0x0 binaries/xsh_hello.o
 .bss           0x0000000081017010        0x0 binaries/xsh_help.o
 .bss           0x0000000081017010        0x0 binaries/xsh_ipaddr.o
 .bss           0x0000000081017010        0x0 binaries/xsh_kill.o
 .bss           0x0000000081017010        0x0 binaries/xsh_led.o
 .bss           0x0000000081017010        0x0 binaries/xsh_memdump.o
 .bss           0x0000000081017010        0x0 binaries/xsh_memstat.o
 .bss           0x0000000081017010        0x4 binaries/xsh_ping.o
 .bss           0x0000000081017014        0x0 binaries/xsh_prodcons.o
 .bss           0x0000000081017014        0x0 binaries/xsh_ps.o
 .bss           0x0000000081017014        0x0 binaries/xsh_reset.o
 .bss           0x0000000081017014        0x0 binaries/xsh_sleep.o
 .bss           0x0000000081017014        0x0 binaries/xsh_udpdump.o
 .bss           0x0000000081017014        0x0 binaries/xsh_udpecho.o
 .bss           0x0000000081017014        0x0 binaries/xsh_udpeserver.o
 .bss           0x0000000081017014        0x0 binaries/xsh_uptime.o
 .bss           0x0000000081017014        0x0 binaries/ctxsw.o
 .bss           0x0000000081017014        0x0 binaries/intr.o
 .bss           0x0000000081017014        0x0 /usr/lib/gcc/arm-none-eabi/4.9.3/libgcc.a(_udivsi3.o)
 .bss           0x0000000081017014        0x0 /usr/lib/gcc/arm-none-eabi/4.9.3/libgcc.a(_divsi3.o)
 .bss           0x0000000081017014        0x0 /usr/lib/gcc/arm-none-eabi/4.9.3/libgcc.a(_dvmd_tls.o)
 *(COMMON)
 COMMON         0x0000000081017014       0xf4 binaries/bufinit.o
                0x0000000081017014                buftab
                0x0000000081017104                nbpools
 COMMON         0x0000000081017108        0xc binaries/clkinit.o
                0x0000000081017108                sleepq
                0x000000008101710c                preempt
                0x0000000081017110                clktime
 COMMON         0x0000000081017114      0x200 binaries/evec.o
                0x0000000081017114                intc_vector
 COMMON         0x0000000081017314     0x1aa0 binaries/initialize.o
                0x0000000081017314                currpid
                0x0000000081017318                proctab
                0x00000000810188f8                prcount
                0x00000000810188fc                semtab
[...]
 .ARM.attributes
                0x000000000000238c       0x35 binaries/rflinit.o
 .ARM.attributes
                0x00000000000023c1       0x35 binaries/rflputc.o
 .ARM.attributes
                0x00000000000023f6       0x35 binaries/rflread.o
 .ARM.attributes
                0x000000000000242b       0x35 binaries/rflseek.o
 .ARM.attributes
                0x0000000000002460       0x35 binaries/rflwrite.o
 .ARM.attributes
                0x0000000000002495       0x35 binaries/rfscomm.o
 .ARM.attributes
                0x00000000000024ca       0x35 binaries/rfscontrol.o
 .ARM.attributes
                0x00000000000024ff       0x35 binaries/rfsgetmode.o
 .ARM.attributes
                0x0000000000002534       0x35 binaries/rfsinit.o
 .ARM.attributes
                0x0000000000002569       0x35 binaries/rfsndmsg.o
 .ARM.attributes
                0x000000000000259e       0x35 binaries/rfsopen.o
 .ARM.attributes
                0x00000000000025d3       0x35 binaries/arp.o
 .ARM.attributes
                0x0000000000002608       0x35 binaries/dhcp.o
 .ARM.attributes
                0x000000000000263d       0x35 binaries/dns.o
 .ARM.attributes
                0x0000000000002672       0x35 binaries/dot2ip.o
 .ARM.attributes
                0x00000000000026a7       0x35 binaries/hexdump.o
 .ARM.attributes
                0x00000000000026dc       0x35 binaries/icmp.o
 .ARM.attributes
                0x0000000000002711       0x35 binaries/ip.o
 .ARM.attributes
                0x0000000000002746       0x35 binaries/net.o
 .ARM.attributes
                0x000000000000277b       0x35 binaries/netstart.o
 .ARM.attributes
                0x00000000000027b0       0x35 binaries/pdump.o
 .ARM.attributes
                0x00000000000027e5       0x35 binaries/tftp.o
 .ARM.attributes
                0x000000000000281a       0x35 binaries/udp.o
 .ARM.attributes
                0x000000000000284f       0x35 binaries/consume.o
 .ARM.attributes
                0x0000000000002884       0x35 binaries/future_cons.o
 .ARM.attributes
                0x00000000000028b9       0x35 binaries/future_prod.o
 .ARM.attributes
                0x00000000000028ee       0x35 binaries/produce.o
 .ARM.attributes
                0x0000000000002923       0x35 binaries/addargs.o
 .ARM.attributes
                0x0000000000002958       0x35 binaries/lexan.o
 .ARM.attributes
                0x000000000000298d       0x35 binaries/shell.o
 .ARM.attributes
                0x00000000000029c2       0x35 binaries/xsh_argecho.o
 .ARM.attributes
                0x00000000000029f7       0x35 binaries/xsh_arp.o
 .ARM.attributes
                0x0000000000002a2c       0x35 binaries/xsh_cat.o
 .ARM.attributes
                0x0000000000002a61       0x35 binaries/xsh_clear.o
 .ARM.attributes
                0x0000000000002a96       0x35 binaries/xsh_date.o
 .ARM.attributes
                0x0000000000002acb       0x35 binaries/xsh_devdump.o
 .ARM.attributes
                0x0000000000002b00       0x35 binaries/xsh_echo.o
 .ARM.attributes
                0x0000000000002b35       0x35 binaries/xsh_exit.o
 .ARM.attributes
                0x0000000000002b6a       0x35 binaries/xsh_hello.o
 .ARM.attributes
                0x0000000000002b9f       0x35 binaries/xsh_help.o
 .ARM.attributes
                0x0000000000002bd4       0x35 binaries/xsh_ipaddr.o
 .ARM.attributes
                0x0000000000002c09       0x35 binaries/xsh_kill.o
 .ARM.attributes
                0x0000000000002c3e       0x35 binaries/xsh_led.o
 .ARM.attributes
                0x0000000000002c73       0x35 binaries/xsh_memdump.o
 .ARM.attributes
                0x0000000000002ca8       0x35 binaries/xsh_memstat.o
 .ARM.attributes
                0x0000000000002cdd       0x35 binaries/xsh_ping.o
 .ARM.attributes
                0x0000000000002d12       0x35 binaries/xsh_prodcons.o
 .ARM.attributes
                0x0000000000002d47       0x35 binaries/xsh_ps.o
 .ARM.attributes
                0x0000000000002d7c       0x35 binaries/xsh_reset.o
 .ARM.attributes
                0x0000000000002db1       0x35 binaries/xsh_sleep.o
 .ARM.attributes
                0x0000000000002de6       0x35 binaries/xsh_udpdump.o
 .ARM.attributes
                0x0000000000002e1b       0x35 binaries/xsh_udpecho.o
 .ARM.attributes
                0x0000000000002e50       0x35 binaries/xsh_udpeserver.o
 .ARM.attributes
                0x0000000000002e85       0x35 binaries/xsh_uptime.o
 .ARM.attributes
                0x0000000000002eba       0x25 binaries/ctxsw.o
 .ARM.attributes
                0x0000000000002edf       0x25 binaries/intr.o
 .ARM.attributes
                0x0000000000002f04       0x18 /usr/lib/gcc/arm-none-eabi/4.9.3/libgcc.a(_udivsi3.o)
 .ARM.attributes
                0x0000000000002f1c       0x18 /usr/lib/gcc/arm-none-eabi/4.9.3/libgcc.a(_divsi3.o)
 .ARM.attributes
                0x0000000000002f34       0x18 /usr/lib/gcc/arm-none-eabi/4.9.3/libgcc.a(_dvmd_tls.o)

.comment        0x0000000000000000       0x70
 .comment       0x0000000000000000       0x70 binaries/ascdate.o
                                         0x71 (size before relaxing)
 .comment       0x0000000000000000       0x71 binaries/bufinit.o
 .comment       0x0000000000000000       0x71 binaries/chprio.o
 .comment       0x0000000000000000       0x71 binaries/clkhandler.o
 .comment       0x0000000000000000       0x71 binaries/clkinit.o
 .comment       0x0000000000000000       0x71 binaries/close.o
 .comment       0x0000000000000000       0x71 binaries/conf.o
 .comment       0x0000000000000000       0x71 binaries/control.o
 .comment       0x0000000000000000       0x71 binaries/create.o
 .comment       0x0000000000000000       0x71 binaries/evec.o
 .comment       0x0000000000000000       0x71 binaries/exit.o
 .comment       0x0000000000000000       0x71 binaries/freebuf.o
 .comment       0x0000000000000000       0x71 binaries/freemem.o
 .comment       0x0000000000000000       0x71 binaries/future_alloc.o
 .comment       0x0000000000000000       0x71 binaries/future_free.o
 .comment       0x0000000000000000       0x71 binaries/future_get.o
 .comment       0x0000000000000000       0x71 binaries/future_set.o
 .comment       0x0000000000000000       0x71 binaries/getbuf.o
 .comment       0x0000000000000000       0x71 binaries/getc.o
 .comment       0x0000000000000000       0x71 binaries/getdev.o
 .comment       0x0000000000000000       0x71 binaries/getitem.o
 .comment       0x0000000000000000       0x71 binaries/getmem.o
 .comment       0x0000000000000000       0x71 binaries/getpid.o
 .comment       0x0000000000000000       0x71 binaries/getprio.o
 .comment       0x0000000000000000       0x71 binaries/getstk.o
 .comment       0x0000000000000000       0x71 binaries/gettime.o
 .comment       0x0000000000000000       0x71 binaries/getutime.o
 .comment       0x0000000000000000       0x71 binaries/init.o
 .comment       0x0000000000000000       0x71 binaries/initialize.o
 .comment       0x0000000000000000       0x71 binaries/insert.o
 .comment       0x0000000000000000       0x71 binaries/insertd.o
 .comment       0x0000000000000000       0x71 binaries/ioerr.o
 .comment       0x0000000000000000       0x71 binaries/ionull.o
 .comment       0x0000000000000000       0x71 binaries/kill.o
 .comment       0x0000000000000000       0x71 binaries/kprintf.o
 .comment       0x0000000000000000       0x71 binaries/main.o
 .comment       0x0000000000000000       0x71 binaries/mark.o
 .comment       0x0000000000000000       0x71 binaries/meminit.o
 .comment       0x0000000000000000       0x71 binaries/mkbufpool.o
 .comment       0x0000000000000000       0x71 binaries/newqueue.o
 .comment       0x0000000000000000       0x71 binaries/open.o
 .comment       0x0000000000000000       0x71 binaries/panic.o
 .comment       0x0000000000000000       0x71 binaries/platinit.o
 .comment       0x0000000000000000       0x71 binaries/ptclear.o
 .comment       0x0000000000000000       0x71 binaries/ptcount.o
 .comment       0x0000000000000000       0x71 binaries/ptcreate.o
 .comment       0x0000000000000000       0x71 binaries/ptdelete.o
 .comment       0x0000000000000000       0x71 binaries/ptinit.o
 .comment       0x0000000000000000       0x71 binaries/ptrecv.o
 .comment       0x0000000000000000       0x71 binaries/ptreset.o
 .comment       0x0000000000000000       0x71 binaries/ptsend.o
 .comment       0x0000000000000000       0x71 binaries/putc.o
 .comment       0x0000000000000000       0x71 binaries/queue.o
 .comment       0x0000000000000000       0x71 binaries/read.o
 .comment       0x0000000000000000       0x71 binaries/ready.o
 .comment       0x0000000000000000       0x71 binaries/receive.o
 .comment       0x0000000000000000       0x71 binaries/recvclr.o
 .comment       0x0000000000000000       0x71 binaries/recvtime.o
 .comment       0x0000000000000000       0x71 binaries/resched.o
 .comment       0x0000000000000000       0x71 binaries/resume.o
 .comment       0x0000000000000000       0x71 binaries/seek.o
 .comment       0x0000000000000000       0x71 binaries/semcount.o
 .comment       0x0000000000000000       0x71 binaries/semcreate.o
 .comment       0x0000000000000000       0x71 binaries/semdelete.o
 .comment       0x0000000000000000       0x71 binaries/semreset.o
 .comment       0x0000000000000000       0x71 binaries/send.o
 .comment       0x0000000000000000       0x71 binaries/signal.o
 .comment       0x0000000000000000       0x71 binaries/signaln.o
 .comment       0x0000000000000000       0x71 binaries/sleep.o
 .comment       0x0000000000000000       0x71 binaries/suspend.o
 .comment       0x0000000000000000       0x71 binaries/unsleep.o
 .comment       0x0000000000000000       0x71 binaries/userret.o
 .comment       0x0000000000000000       0x71 binaries/wait.o
 .comment       0x0000000000000000       0x71 binaries/wakeup.o
 .comment       0x0000000000000000       0x71 binaries/write.o
 .comment       0x0000000000000000       0x71 binaries/xdone.o
 .comment       0x0000000000000000       0x71 binaries/yield.o
 .comment       0x0000000000000000       0x71 binaries/abs.o
 .comment       0x0000000000000000       0x71 binaries/atoi.o
 .comment       0x0000000000000000       0x71 binaries/atol.o
 .comment       0x0000000000000000       0x71 binaries/bzero.o
 .comment       0x0000000000000000       0x71 binaries/ctype_.o
 .comment       0x0000000000000000       0x71 binaries/doprnt.o
 .comment       0x0000000000000000       0x71 binaries/doscan.o
 .comment       0x0000000000000000       0x71 binaries/fdoprnt.o
 .comment       0x0000000000000000       0x71 binaries/fgetc.o
 .comment       0x0000000000000000       0x71 binaries/fgets.o
 .comment       0x0000000000000000       0x71 binaries/fprintf.o
 .comment       0x0000000000000000       0x71 binaries/fputc.o
 .comment       0x0000000000000000       0x71 binaries/fputs.o
 .comment       0x0000000000000000       0x71 binaries/fscanf.o
 .comment       0x0000000000000000       0x71 binaries/getchar.o
 .comment       0x0000000000000000       0x71 binaries/labs.o
 .comment       0x0000000000000000       0x71 binaries/memchr.o
 .comment       0x0000000000000000       0x71 binaries/memcmp.o
 .comment       0x0000000000000000       0x71 binaries/memcpy.o
 .comment       0x0000000000000000       0x71 binaries/memset.o
 .comment       0x0000000000000000       0x71 binaries/printf.o
 .comment       0x0000000000000000       0x71 binaries/putchar.o
 .comment       0x0000000000000000       0x71 binaries/qsort.o
 .comment       0x0000000000000000       0x71 binaries/rand.o
 .comment       0x0000000000000000       0x71 binaries/sprintf.o
 .comment       0x0000000000000000       0x71 binaries/sscanf.o
 .comment       0x0000000000000000       0x71 binaries/strchr.o
 .comment       0x0000000000000000       0x71 binaries/strcmp.o
 .comment       0x0000000000000000       0x71 binaries/strcpy.o
 .comment       0x0000000000000000       0x71 binaries/strlen.o
 .comment       0x0000000000000000       0x71 binaries/strncat.o
 .comment       0x0000000000000000       0x71 binaries/strncmp.o
 .comment       0x0000000000000000       0x71 binaries/strncpy.o
 .comment       0x0000000000000000       0x71 binaries/strnlen.o
 .comment       0x0000000000000000       0x71 binaries/strrchr.o
 .comment       0x0000000000000000       0x71 binaries/strstr.o
 .comment       0x0000000000000000       0x71 binaries/ttycontrol.o
 .comment       0x0000000000000000       0x71 binaries/ttygetc.o
 .comment       0x0000000000000000       0x71 binaries/ttyhandle_in.o
 .comment       0x0000000000000000       0x71 binaries/ttyhandle_out.o
 .comment       0x0000000000000000       0x71 binaries/ttyhandler.o
 .comment       0x0000000000000000       0x71 binaries/ttyinit.o
 .comment       0x0000000000000000       0x71 binaries/ttykickout.o
 .comment       0x0000000000000000       0x71 binaries/ttyputc.o
 .comment       0x0000000000000000       0x71 binaries/ttyread.o
 .comment       0x0000000000000000       0x71 binaries/ttywrite.o
 .comment       0x0000000000000000       0x71 binaries/mount.o
 .comment       0x0000000000000000       0x71 binaries/naminit.o
 .comment       0x0000000000000000       0x71 binaries/nammap.o
 .comment       0x0000000000000000       0x71 binaries/namopen.o
 .comment       0x0000000000000000       0x71 binaries/colon2mac.o
 .comment       0x0000000000000000       0x71 binaries/ethcontrol.o
 .comment       0x0000000000000000       0x71 binaries/ethhandler.o
 .comment       0x0000000000000000       0x71 binaries/ethinit.o
 .comment       0x0000000000000000       0x71 binaries/ethread.o
 .comment       0x0000000000000000       0x71 binaries/ethwrite.o
 .comment       0x0000000000000000       0x71 binaries/rdsbufalloc.o
 .comment       0x0000000000000000       0x71 binaries/rdsclose.o
 .comment       0x0000000000000000       0x71 binaries/rdscomm.o
 .comment       0x0000000000000000       0x71 binaries/rdscontrol.o
 .comment       0x0000000000000000       0x71 binaries/rdsinit.o
 .comment       0x0000000000000000       0x71 binaries/rdsopen.o
 .comment       0x0000000000000000       0x71 binaries/rdsprocess.o
 .comment       0x0000000000000000       0x71 binaries/rdsread.o
 .comment       0x0000000000000000       0x71 binaries/rdswrite.o
 .comment       0x0000000000000000       0x71 binaries/ramclose.o
 .comment       0x0000000000000000       0x71 binaries/raminit.o
 .comment       0x0000000000000000       0x71 binaries/ramopen.o
 .comment       0x0000000000000000       0x71 binaries/ramread.o
 .comment       0x0000000000000000       0x71 binaries/ramwrite.o
 .comment       0x0000000000000000       0x71 binaries/lfdballoc.o
 .comment       0x0000000000000000       0x71 binaries/lfdbfree.o
 .comment       0x0000000000000000       0x71 binaries/lfflush.o
 .comment       0x0000000000000000       0x71 binaries/lfgetmode.o
 .comment       0x0000000000000000       0x71 binaries/lfiballoc.o
 .comment       0x0000000000000000       0x71 binaries/lfibclear.o
 .comment       0x0000000000000000       0x71 binaries/lfibget.o
 .comment       0x0000000000000000       0x71 binaries/lfibput.o
 .comment       0x0000000000000000       0x71 binaries/lflclose.o
 .comment       0x0000000000000000       0x71 binaries/lflcontrol.o
 .comment       0x0000000000000000       0x71 binaries/lflgetc.o
 .comment       0x0000000000000000       0x71 binaries/lflinit.o
 .comment       0x0000000000000000       0x71 binaries/lflputc.o
 .comment       0x0000000000000000       0x71 binaries/lflread.o
 .comment       0x0000000000000000       0x71 binaries/lflseek.o
 .comment       0x0000000000000000       0x71 binaries/lflwrite.o
 .comment       0x0000000000000000       0x71 binaries/lfsckfmt.o
 .comment       0x0000000000000000       0x71 binaries/lfscreate.o
 .comment       0x0000000000000000       0x71 binaries/lfsetup.o
 .comment       0x0000000000000000       0x71 binaries/lfsinit.o
 .comment       0x0000000000000000       0x71 binaries/lfsopen.o
 .comment       0x0000000000000000       0x71 binaries/lftruncate.o
 .comment       0x0000000000000000       0x71 binaries/rflclose.o
 .comment       0x0000000000000000       0x71 binaries/rflgetc.o
 .comment       0x0000000000000000       0x71 binaries/rflinit.o
 .comment       0x0000000000000000       0x71 binaries/rflputc.o
 .comment       0x0000000000000000       0x71 binaries/rflread.o
 .comment       0x0000000000000000       0x71 binaries/rflseek.o
 .comment       0x0000000000000000       0x71 binaries/rflwrite.o
 .comment       0x0000000000000000       0x71 binaries/rfscomm.o
 .comment       0x0000000000000000       0x71 binaries/rfscontrol.o
 .comment       0x0000000000000000       0x71 binaries/rfsgetmode.o
 .comment       0x0000000000000000       0x71 binaries/rfsinit.o
 .comment       0x0000000000000000       0x71 binaries/rfsndmsg.o
 .comment       0x0000000000000000       0x71 binaries/rfsopen.o
 .comment       0x0000000000000000       0x71 binaries/arp.o
 .comment       0x0000000000000000       0x71 binaries/dhcp.o
 .comment       0x0000000000000000       0x71 binaries/dns.o
 .comment       0x0000000000000000       0x71 binaries/dot2ip.o
 .comment       0x0000000000000000       0x71 binaries/hexdump.o
 .comment       0x0000000000000000       0x71 binaries/icmp.o
 .comment       0x0000000000000000       0x71 binaries/ip.o
 .comment       0x0000000000000000       0x71 binaries/net.o
 .comment       0x0000000000000000       0x71 binaries/netstart.o
 .comment       0x0000000000000000       0x71 binaries/pdump.o
 .comment       0x0000000000000000       0x71 binaries/tftp.o
 .comment       0x0000000000000000       0x71 binaries/udp.o
 .comment       0x0000000000000000       0x71 binaries/consume.o
 .comment       0x0000000000000000       0x71 binaries/future_cons.o
 .comment       0x0000000000000000       0x71 binaries/future_prod.o
 .comment       0x0000000000000000       0x71 binaries/produce.o
 .comment       0x0000000000000000       0x71 binaries/addargs.o
 .comment       0x0000000000000000       0x71 binaries/lexan.o
 .comment       0x0000000000000000       0x71 binaries/shell.o
 .comment       0x0000000000000000       0x71 binaries/xsh_argecho.o
 .comment       0x0000000000000000       0x71 binaries/xsh_arp.o
 .comment       0x0000000000000000       0x71 binaries/xsh_cat.o
 .comment       0x0000000000000000       0x71 binaries/xsh_clear.o
 .comment       0x0000000000000000       0x71 binaries/xsh_date.o
 .comment       0x0000000000000000       0x71 binaries/xsh_devdump.o
 .comment       0x0000000000000000       0x71 binaries/xsh_echo.o
 .comment       0x0000000000000000       0x71 binaries/xsh_exit.o
 .comment       0x0000000000000000       0x71 binaries/xsh_hello.o
 .comment       0x0000000000000000       0x71 binaries/xsh_help.o
 .comment       0x0000000000000000       0x71 binaries/xsh_ipaddr.o
 .comment       0x0000000000000000       0x71 binaries/xsh_kill.o
 .comment       0x0000000000000000       0x71 binaries/xsh_led.o
 .comment       0x0000000000000000       0x71 binaries/xsh_memdump.o
 .comment       0x0000000000000000       0x71 binaries/xsh_memstat.o
 .comment       0x0000000000000000       0x71 binaries/xsh_ping.o
 .comment       0x0000000000000000       0x71 binaries/xsh_prodcons.o
 .comment       0x0000000000000000       0x71 binaries/xsh_ps.o
 .comment       0x0000000000000000       0x71 binaries/xsh_reset.o
 .comment       0x0000000000000000       0x71 binaries/xsh_sleep.o
 .comment       0x0000000000000000       0x71 binaries/xsh_udpdump.o
 .comment       0x0000000000000000       0x71 binaries/xsh_udpecho.o
 .comment       0x0000000000000000       0x71 binaries/xsh_udpeserver.o
 .comment       0x0000000000000000       0x71 binaries/xsh_uptime.o

.debug_frame    0x0000000000000000       0x40
 .debug_frame   0x0000000000000000       0x20 /usr/lib/gcc/arm-none-eabi/4.9.3/libgcc.a(_udivsi3.o)
 .debug_frame   0x0000000000000020       0x20 /usr/lib/gcc/arm-none-eabi/4.9.3/libgcc.a(_divsi3.o)
